[importanceofislambdforall.blogspot.com/index.html]
[backblue.gif]
[fade.gif]
[index.html]
[importanceofislambdforall.blogspot.com/favicon.ico]
[importanceofislambdforall.blogspot.com/feeds/posts/default]
[importanceofislambdforall.blogspot.com/feeds/posts/default9522]
[www.gstatic.com/external_hosted/clipboardjs/clipboard.min.js]
[importanceofislambdforall.blogspot.com/responsive/sprite_v1_6.css.svg]
[importanceofislambdforall.blogspot.com/p/privacy-policy.html]
[importanceofislambdforall.blogspot.com/p/copyright-c-2021-mohammad-taseen-khan.html]
[importanceofislambdforall.blogspot.com/2021/10/blog-post_26.html]
[importanceofislambdforall.blogspot.com/2021/10/blog-post_55.html]
[importanceofislambdforall.blogspot.com/2021/10/blog-post_19.html]
[importanceofislambdforall.blogspot.com/https.a.delayed]
[importanceofislambdforall.blogspot.com/2021/10/blog-post_23.html]
[importanceofislambdforall.blogspot.com/search/label/Real Fact.html]
[importanceofislambdforall.blogspot.com/2021/10/blog-post_69.html]
[importanceofislambdforall.blogspot.com/2021/10/blog-post_47.html]
[importanceofislambdforall.blogspot.com/2021/10/blog-post_16.html]
[importanceofislambdforall.blogspot.com/search/label/Important to know.html]
[importanceofislambdforall.blogspot.com/2021/10/blog-post_15.html]
[importanceofislambdforall.blogspot.com/2021/10/blog-post_9.html]
[importanceofislambdforall.blogspot.com/search/label/Our day to day life.html]
[importanceofislambdforall.blogspot.com/2021/10/an-israeli-boy-meets-palestinian-boy.html]
[importanceofislambdforall.blogspot.com/2021/10/blog-post.html]
[importanceofislambdforall.blogspot.com/2021/10/blackmagic.html]
[importanceofislambdforall.blogspot.com/2021/09/blog-post_17.html]
[importanceofislambdforall.blogspot.com/search88ba.html]
[importanceofislambdforall.blogspot.com/search/label/পর্দার গুরুত্ব.html]
[importanceofislambdforall.blogspot.com/2021/10/index.html]
[importanceofislambdforall.blogspot.com/2021/08/index.html]
[importanceofislambdforall.blogspot.com/2021/09/index.html]
[importanceofislambdforall.blogspot.com/search/label/About Birthday.html]
[importanceofislambdforall.blogspot.com/search/label/About Friday.html]
[importanceofislambdforall.blogspot.com/search/label/Allah said.html]
[importanceofislambdforall.blogspot.com/search/label/Anti-pornography.html]
[importanceofislambdforall.blogspot.com/search/label/Dua.html]
[importanceofislambdforall.blogspot.com/search/label/Importance of Salat.html]
[importanceofislambdforall.blogspot.com/search/label/What Bible say.html]
[resources.blogblog.com/blogblog/data/res/1152446648-vegeclub_compiled.js]
[www.blogger.com/static/v1/widgets/2140596338-widgets.js]
[importanceofislambdforall.blogspot.com/index.html]
[importanceofislambdforall.blogspot.com/responsive/sprite_v1_6.css.svg]
[importanceofislambdforall.blogspot.com/p/https.24.delayed]
[1.bp.blogspot.com/-gDtxkQU_c6A/YTn7FNOHtJI/AAAAAAAADu8/oDbcHp5B5zoKJ-IPukFORG20zWsWriWVACLcBGAsYHQ/w71-h71/pdf-file.png]
[www.blogger.com/static/v1/jsbin/2517944472-comment_from_post_iframe.js]
[importanceofislambdforall.blogspot.com/2021/08/blog-post_40.html]
[1.bp.blogspot.com/-sDqflBa9WoE/YSaDOVZfJgI/AAAAAAAADo4/vaAKRY9vHukQ3NfkI13X665kvPsZ-qSHgCLcBGAsYHQ/w640-h606/FB_IMG_1629913543809.jpg]
[importanceofislambdforall.blogspot.com/2021/08/blog-post_2.html]
[importanceofislambdforall.blogspot.com/2021/08/blog-post_22.html]
[1.bp.blogspot.com/-FUwDYxfL8YE/YSKAgXxvAoI/AAAAAAAADls/4Zo7hsBL5c0GCsgNpPMja7Ge6wZ3WXOcQCLcBGAsYHQ/w320-h320/images.jpg]
[importanceofislambdforall.blogspot.com/p/privacy-policy.html]
[importanceofislambdforall.blogspot.com/p/copyright-c-2021-mohammad-taseen-khan.html]
[importanceofislambdforall.blogspot.com/feeds/1615284839543581321/comments/default]
[importanceofislambdforall.blogspot.com/2021/10/blog-post_26.html]
[importanceofislambdforall.blogspot.com/feeds/279726558550804172/comments/default]
[importanceofislambdforall.blogspot.com/2021/10/blog-post_55.html]
[importanceofislambdforall.blogspot.com/feeds/1091281931619734661/comments/default]
[importanceofislambdforall.blogspot.com/2021/10/blog-post_19.html]
[importanceofislambdforall.blogspot.com/https.html]
[importanceofislambdforall.blogspot.com/feeds/8914020782816544001/comments/default]
[importanceofislambdforall.blogspot.com/2021/10/https.30.delayed]
[importanceofislambdforall.blogspot.com/2021/10/blog-post_23.html]
[importanceofislambdforall.blogspot.com/search/label/https.html]
[importanceofislambdforall.blogspot.com/2021/09/blog-post_99.html]
[importanceofislambdforall.blogspot.com/2021/09/blog-post_97.html]
[importanceofislambdforall.blogspot.com/2021/09/blog-post_40.html]
[importanceofislambdforall.blogspot.com/2021/09/blog-post_7.html]
[importanceofislambdforall.blogspot.com/2021/09/blog-post_20.html]
[importanceofislambdforall.blogspot.com/2021/08/blog-post_65.html]
[importanceofislambdforall.blogspot.com/2021/08/blog-post_30.html]
[importanceofislambdforall.blogspot.com/2021/08/blog-post_66.html]
[importanceofislambdforall.blogspot.com/2021/08/blog-post_18.html]
[importanceofislambdforall.blogspot.com/2021/08/blog-post_26.html]
[importanceofislambdforall.blogspot.com/2021/08/who-is-actually-terrorism.html]
[importanceofislambdforall.blogspot.com/search/label/Real Fact.html]
[importanceofislambdforall.blogspot.com/search/label/Real Factf2cf.html]
[importanceofislambdforall.blogspot.com/feeds/2290240485342663602/comments/default]
[importanceofislambdforall.blogspot.com/2021/10/blog-post_69.html]
[importanceofislambdforall.blogspot.com/feeds/1690648443256062723/comments/default]
[importanceofislambdforall.blogspot.com/2021/10/blog-post_47.html]
[importanceofislambdforall.blogspot.com/feeds/8354710008482186886/comments/default]
[lh3.googleusercontent.com/-DUrS9iCgQYg/YWr7XaxouZI/AAAAAAAAD_s/0XRCPJb1EFQEhIhGcVrfKmdWDaSu6_zVgCLcBGAsYHQ/w400-h296/image.png]
[lh3.googleusercontent.com/-DUrS9iCgQYg/YWr7XaxouZI/AAAAAAAAD_s/0XRCPJb1EFQEhIhGcVrfKmdWDaSu6_zVgCLcBGAsYHQ/image.png]
[importanceofislambdforall.blogspot.com/2021/10/blog-post_16.html]
[importanceofislambdforall.blogspot.com/2021/09/blog-post_80.html]
[importanceofislambdforall.blogspot.com/2021/09/a-jewish-tourist-complained-about-statue.html]
[importanceofislambdforall.blogspot.com/2021/08/blog-post_14.html]
[importanceofislambdforall.blogspot.com/2021/08/blog-post_1.html]
[importanceofislambdforall.blogspot.com/2021/08/blog-post_98.html]
[importanceofislambdforall.blogspot.com/2021/08/blog-post_61.html]
[importanceofislambdforall.blogspot.com/search/label/Important to know.html]
[importanceofislambdforall.blogspot.com/search/label/Important to know1434.html]
[importanceofislambdforall.blogspot.com/feeds/1327371451624603635/comments/default]
[importanceofislambdforall.blogspot.com/2021/10/blog-post_15.html]
[importanceofislambdforall.blogspot.com/feeds/6568957062387618534/comments/default]
[importanceofislambdforall.blogspot.com/2021/10/blog-post_9.html]
[importanceofislambdforall.blogspot.com/2021/08/blog-post_27.html]
[importanceofislambdforall.blogspot.com/2021/08/blog-post_84.html]
[importanceofislambdforall.blogspot.com/2021/08/blog-post_71.html]
[importanceofislambdforall.blogspot.com/search/label/Our day to day life.html]
[importanceofislambdforall.blogspot.com/search/label/Our day to day life66c3.html]
[importanceofislambdforall.blogspot.com/feeds/4387665475253239450/comments/default]
[importanceofislambdforall.blogspot.com/2021/10/an-israeli-boy-meets-palestinian-boy.html]
[importanceofislambdforall.blogspot.com/feeds/7476253294465776898/comments/default]
[importanceofislambdforall.blogspot.com/2021/10/blog-post.html]
[importanceofislambdforall.blogspot.com/feeds/6530308936725555019/comments/default]
[1.bp.blogspot.com/-xc2uIRhbJxk/YVv-KqgsXyI/AAAAAAAAD7A/V5Wp7Hx5AS0jkitSz-VnRch-ohPtXiBnQCLcBGAsYHQ/s320/FB_IMG_1633418676165.jpg]
[1.bp.blogspot.com/-xc2uIRhbJxk/YVv-KqgsXyI/AAAAAAAAD7A/V5Wp7Hx5AS0jkitSz-VnRch-ohPtXiBnQCLcBGAsYHQ/s672/FB_IMG_1633418676165.jpg]
[importanceofislambdforall.blogspot.com/2021/10/blackmagic.html]
[importanceofislambdforall.blogspot.com/feeds/5033696088503253203/comments/default]
[importanceofislambdforall.blogspot.com/2021/09/blog-post_17.html]
[importanceofislambdforall.blogspot.com/2021/09/blog-post_14.html]
[importanceofislambdforall.blogspot.com/2021/09/this-is-islam-watch-video.html]
[importanceofislambdforall.blogspot.com/2021/09/blog-post_13.html]
[importanceofislambdforall.blogspot.com/2021/09/blog-post_11.html]
[importanceofislambdforall.blogspot.com/2021/09/blog-post_10.html]
[importanceofislambdforall.blogspot.com/2021/09/blog-post_8.html]
[importanceofislambdforall.blogspot.com/2021/09/blog-post_69.html]
[importanceofislambdforall.blogspot.com/2021/09/blog-post_67.html]
[importanceofislambdforall.blogspot.com/search88ba.html]
[importanceofislambdforall.blogspot.com/searchc2f1.html]
[importanceofislambdforall.blogspot.com/2021/10/index.html]
[importanceofislambdforall.blogspot.com/search23fb.html]
[importanceofislambdforall.blogspot.com/2021/09/https.60.delayed]
[importanceofislambdforall.blogspot.com/2021/09/blog-post_4.html]
[importanceofislambdforall.blogspot.com/2021/09/blog-post_43.html]
[importanceofislambdforall.blogspot.com/2021/09/blog-post_3.html]
[importanceofislambdforall.blogspot.com/2021/09/blog-post_74.html]
[importanceofislambdforall.blogspot.com/2021/09/blog-post_1.html]
[importanceofislambdforall.blogspot.com/2021/09/blog-post.html]
[importanceofislambdforall.blogspot.com/2021/09/index.html]
[importanceofislambdforall.blogspot.com/searche052.html]
[importanceofislambdforall.blogspot.com/2021/08/blog-post_62.html]
[importanceofislambdforall.blogspot.com/2021/08/real-khan-sir-caught-ten-mistakes-in.html]
[importanceofislambdforall.blogspot.com/2021/08/blog-post_92.html]
[importanceofislambdforall.blogspot.com/2021/08/blog-post_11.html]
[importanceofislambdforall.blogspot.com/2021/08/messenger.html]
[importanceofislambdforall.blogspot.com/2021/08/blog-post_28.html]
[importanceofislambdforall.blogspot.com/2021/08/blog-post_31.html]
[importanceofislambdforall.blogspot.com/2021/08/index.html]
[importanceofislambdforall.blogspot.com/searchfd2f.html]
[importanceofislambdforall.blogspot.com/search/label/পর্দার গুরুত্ব.html]
[importanceofislambdforall.blogspot.com/search/label/পর্দার গুরুত্বa9b9.html]
[importanceofislambdforall.blogspot.com/search/label/About Birthday.html]
[importanceofislambdforall.blogspot.com/search/label/About Birthdayc2b3.html]
[importanceofislambdforall.blogspot.com/2021/08/the-hour-of-response-on-friday.html]
[importanceofislambdforall.blogspot.com/search/label/About Friday.html]
[importanceofislambdforall.blogspot.com/search/label/About Fridaye585.html]
[importanceofislambdforall.blogspot.com/search/label/Allah said.html]
[importanceofislambdforall.blogspot.com/2021/08/allaah-said-in-surat-ibrahim-verse-10.html]
[importanceofislambdforall.blogspot.com/2021/08/blog-post_8.html]
[importanceofislambdforall.blogspot.com/2021/08/erectile-dysfunction.html]
[importanceofislambdforall.blogspot.com/2021/08/blog-post_74.html]
[importanceofislambdforall.blogspot.com/2021/08/blog-post_21.html]
[importanceofislambdforall.blogspot.com/2021/08/blog-post.html]
[importanceofislambdforall.blogspot.com/search/label/Anti-pornography.html]
[importanceofislambdforall.blogspot.com/search/label/Anti-pornographyaa7d.html]
[importanceofislambdforall.blogspot.com/search/label/Dua.html]
[importanceofislambdforall.blogspot.com/search/label/Dua6c36.html]
[importanceofislambdforall.blogspot.com/2021/08/blog-post_67.html]
[importanceofislambdforall.blogspot.com/search/label/Importance of Salat.html]
[importanceofislambdforall.blogspot.com/search/label/Importance of Salatdba7.html]
[importanceofislambdforall.blogspot.com/2021/08/what-bible-say-about-women.html]
[importanceofislambdforall.blogspot.com/search/label/What Bible say.html]
[www.blogger.com/dyn-css/authorization9f7d.css]
[importanceofislambdforall.blogspot.com/p/https.html]
[importanceofislambdforall.blogspot.com/search/label/What Bible say165d.html]
[importanceofislambdforall.blogspot.com/feeds/5107381018856537769/comments/default]
[importanceofislambdforall.blogspot.com/2021/08/https.81.delayed]
[1.bp.blogspot.com/-sDqflBa9WoE/YSaDOVZfJgI/AAAAAAAADo4/vaAKRY9vHukQ3NfkI13X665kvPsZ-qSHgCLcBGAsYHQ/s552/FB_IMG_1629913543809.jpg]
[importanceofislambdforall.blogspot.com/2021/08/blog-post_40.html]
[importanceofislambdforall.blogspot.com/feeds/1319012479786901765/comments/default]
[importanceofislambdforall.blogspot.com/2021/08/demo-to-prevent-copy-paste-on-blogger_files/googleapis.84.delayed]
[importanceofislambdforall.blogspot.com/2021/08/blog-post_2.html]
[importanceofislambdforall.blogspot.com/feeds/5899390528989022442/comments/default]
[1.bp.blogspot.com/-FUwDYxfL8YE/YSKAgXxvAoI/AAAAAAAADls/4Zo7hsBL5c0GCsgNpPMja7Ge6wZ3WXOcQCLcBGAsYHQ/s498/images.jpg]
[1.bp.blogspot.com/-WX8pKgonvzI/YSJ_YC3BQrI/AAAAAAAADlk/WVRf3gtAxwovSS7TFlJfp60htwyx4FWAACLcBGAsYHQ/w96-h97/images (2).jpeg]
[importanceofislambdforall.blogspot.com/2021/08/blog-post_22.html]
[importanceofislambdforall.blogspot.com/2021/10/https.html]
[connect.facebook.net/en_GB/sdk.js]
[importanceofislambdforall.blogspot.com/search/label/https.html]
[importanceofislambdforall.blogspot.com/feeds/6669518050454847731/comments/default]
[importanceofislambdforall.blogspot.com/2021/09/blog-post_99.html]
[importanceofislambdforall.blogspot.com/feeds/4920547035881630118/comments/default]
[importanceofislambdforall.blogspot.com/2021/09/blog-post_97.html]
[importanceofislambdforall.blogspot.com/feeds/5608370053574957550/comments/default]
[importanceofislambdforall.blogspot.com/2021/09/blog-post_40.html]
[importanceofislambdforall.blogspot.com/feeds/8236023612248074268/comments/default]
[importanceofislambdforall.blogspot.com/2021/09/blog-post_7.html]
[importanceofislambdforall.blogspot.com/feeds/3046308162816875423/comments/default]
[importanceofislambdforall.blogspot.com/2021/09/blog-post_20.html]
[importanceofislambdforall.blogspot.com/feeds/8835665992240355721/comments/default]
[importanceofislambdforall.blogspot.com/2021/08/blog-post_65.html]
[importanceofislambdforall.blogspot.com/feeds/2121029334775730662/comments/default]
[importanceofislambdforall.blogspot.com/2021/08/blog-post_30.html]
[importanceofislambdforall.blogspot.com/feeds/8244740201671765955/comments/default]
[importanceofislambdforall.blogspot.com/2021/08/blog-post_66.html]
[importanceofislambdforall.blogspot.com/feeds/7580031739326809338/comments/default]
[importanceofislambdforall.blogspot.com/2021/08/blog-post_18.html]
[importanceofislambdforall.blogspot.com/feeds/1222194421406543895/comments/default]
[importanceofislambdforall.blogspot.com/2021/08/blog-post_26.html]
[importanceofislambdforall.blogspot.com/feeds/6783221396628611375/comments/default]
[importanceofislambdforall.blogspot.com/2021/08/who-is-actually-terrorism.html]
[importanceofislambdforall.blogspot.com/search/label/Real Factf2cf.html]
[importanceofislambdforall.blogspot.com/feeds/6868609399849256819/comments/default]
[importanceofislambdforall.blogspot.com/2021/09/blog-post_80.html]
[importanceofislambdforall.blogspot.com/feeds/2194739596857592677/comments/default]
[1.bp.blogspot.com/-inq116WT0pw/YTKK1DyvYAI/AAAAAAAADuI/88eef_q5cBgMfo6ErhLxJ_gSAEbNEvoxwCPcBGAYYCw/s320/FB_IMG_1630702166306.jpg]
[1.bp.blogspot.com/-inq116WT0pw/YTKK1DyvYAI/AAAAAAAADuI/88eef_q5cBgMfo6ErhLxJ_gSAEbNEvoxwCPcBGAYYCw/s600/FB_IMG_1630702166306.jpg]
[importanceofislambdforall.blogspot.com/2021/09/a-jewish-tourist-complained-about-statue.html]
[importanceofislambdforall.blogspot.com/feeds/7628113899264556740/comments/default]
[importanceofislambdforall.blogspot.com/2021/08/blog-post_14.html]
[importanceofislambdforall.blogspot.com/feeds/3047973569849158940/comments/default]
[importanceofislambdforall.blogspot.com/2021/08/blog-post_1.html]
[importanceofislambdforall.blogspot.com/feeds/7485556766143718412/comments/default]
[importanceofislambdforall.blogspot.com/2021/08/blog-post_98.html]
[importanceofislambdforall.blogspot.com/feeds/3611736974613258900/comments/default]
[www.google.com/recaptcha/api.js]
[importanceofislambdforall.blogspot.com/2021/08/blog-post_61.html]
[importanceofislambdforall.blogspot.com/search/label/Important to know1434.html]
[importanceofislambdforall.blogspot.com/feeds/2172272227371330293/comments/default]
[www.blogger.com/static/v1/widgets/2009981497-widgets.js]
[importanceofislambdforall.blogspot.com/2021/08/blog-post_27.html]
[importanceofislambdforall.blogspot.com/feeds/4823720794617854827/comments/default]
[importanceofislambdforall.blogspot.com/2021/08/blog-post_84.html]
[importanceofislambdforall.blogspot.com/feeds/1455906520061537340/comments/default]
[importanceofislambdforall.blogspot.com/2021/08/blog-post_71.html]
[importanceofislambdforall.blogspot.com/search/label/Our day to day life66c3.html]
[importanceofislambdforall.blogspot.com/feeds/894325952470302003/comments/default]
[importanceofislambdforall.blogspot.com/2021/09/blog-post_14.html]
[importanceofislambdforall.blogspot.com/feeds/1100077785101427058/comments/default]
[importanceofislambdforall.blogspot.com/2021/09/this-is-islam-watch-video.html]
[importanceofislambdforall.blogspot.com/feeds/6789001738982704435/comments/default]
[importanceofislambdforall.blogspot.com/2021/09/blog-post_13.html]
[importanceofislambdforall.blogspot.com/feeds/6222916534516043182/comments/default]
[importanceofislambdforall.blogspot.com/2021/09/blog-post_11.html]
[importanceofislambdforall.blogspot.com/feeds/4556779542213983678/comments/default]
[importanceofislambdforall.blogspot.com/2021/09/blog-post_10.html]
[importanceofislambdforall.blogspot.com/feeds/3062467882518034746/comments/default]
[1.bp.blogspot.com/-6_Ei5kSmhgA/YTmUWcAXPyI/AAAAAAAADu0/5saLxA_smacoogL6WpS1VKZLLeGiWxDEgCLcBGAsYHQ/w400-h400/FB_IMG_1631163411720.jpg]
[1.bp.blogspot.com/-6_Ei5kSmhgA/YTmUWcAXPyI/AAAAAAAADu0/5saLxA_smacoogL6WpS1VKZLLeGiWxDEgCLcBGAsYHQ/s540/FB_IMG_1631163411720.jpg]
[importanceofislambdforall.blogspot.com/2021/09/blog-post_8.html]
[importanceofislambdforall.blogspot.com/feeds/1725889919828895600/comments/default]
[importanceofislambdforall.blogspot.com/2021/09/blog-post_69.html]
[importanceofislambdforall.blogspot.com/feeds/3039700477727653723/comments/default]
[importanceofislambdforall.blogspot.com/2021/09/blog-post_67.html]
[importanceofislambdforall.blogspot.com/searchc2f1.html]
[importanceofislambdforall.blogspot.com/search2463.html]
[importanceofislambdforall.blogspot.com/search23fb.html]
[importanceofislambdforall.blogspot.com/2021/09/https.html]
[importanceofislambdforall.blogspot.com/search7d8c.html]
[importanceofislambdforall.blogspot.com/feeds/6921218617738982142/comments/default]
[importanceofislambdforall.blogspot.com/2021/09/blog-post_4.html]
[importanceofislambdforall.blogspot.com/feeds/7318141334283409212/comments/default]
[importanceofislambdforall.blogspot.com/2021/09/demo-to-prevent-copy-paste-on-blogger_files/googleapis.b0.delayed]
[importanceofislambdforall.blogspot.com/2021/09/blog-post_43.html]
[importanceofislambdforall.blogspot.com/feeds/2457386188656866235/comments/default]
[importanceofislambdforall.blogspot.com/2021/09/blog-post_3.html]
[importanceofislambdforall.blogspot.com/feeds/5904971272014035054/comments/default]
[importanceofislambdforall.blogspot.com/2021/09/blog-post_74.html]
[importanceofislambdforall.blogspot.com/feeds/8093758512290364311/comments/default]
[1.bp.blogspot.com/-vpSB_s8Xn2I/YTA-lW-SI6I/AAAAAAAADtA/Y-ChFxO85VENgfzEwJPH9A62k94XU_uAQCPcBGAYYCw/w640-h426/FB_IMG_1630551638120.jpg]
[1.bp.blogspot.com/-vpSB_s8Xn2I/YTA-lW-SI6I/AAAAAAAADtA/Y-ChFxO85VENgfzEwJPH9A62k94XU_uAQCPcBGAYYCw/s552/FB_IMG_1630551638120.jpg]
[importanceofislambdforall.blogspot.com/2021/09/blog-post_1.html]
[importanceofislambdforall.blogspot.com/feeds/6984380391646115390/comments/default]
[importanceofislambdforall.blogspot.com/2021/09/blog-post.html]
[importanceofislambdforall.blogspot.com/searche052.html]
[importanceofislambdforall.blogspot.com/search5b0f.html]
[importanceofislambdforall.blogspot.com/feeds/3854727556716166194/comments/default]
[importanceofislambdforall.blogspot.com/2021/08/blog-post_62.html]
[importanceofislambdforall.blogspot.com/feeds/8683632313642172695/comments/default]
[importanceofislambdforall.blogspot.com/2021/08/real-khan-sir-caught-ten-mistakes-in.html]
[importanceofislambdforall.blogspot.com/feeds/7480458242608129760/comments/default]
[importanceofislambdforall.blogspot.com/2021/08/blog-post_92.html]
[importanceofislambdforall.blogspot.com/feeds/2973839937157664610/comments/default]
[importanceofislambdforall.blogspot.com/2021/08/blog-post_11.html]
[importanceofislambdforall.blogspot.com/feeds/5360538946229632373/comments/default]
[importanceofislambdforall.blogspot.com/2021/08/messenger.html]
[importanceofislambdforall.blogspot.com/feeds/7271559305682866207/comments/default]
[importanceofislambdforall.blogspot.com/2021/08/blog-post_28.html]
[importanceofislambdforall.blogspot.com/feeds/6104287604962968967/comments/default]
[importanceofislambdforall.blogspot.com/2021/08/blog-post_31.html]
[importanceofislambdforall.blogspot.com/2021/08/haram-dress-for-male.html]
[importanceofislambdforall.blogspot.com/2021/08/who-are-they.html]
[importanceofislambdforall.blogspot.com/2021/08/islamic-quiz.html]
[importanceofislambdforall.blogspot.com/2021/08/blog-post_45.html]
[importanceofislambdforall.blogspot.com/2021/08/blog-post_24.html]
[importanceofislambdforall.blogspot.com/2021/08/how-do-dead-realize-they-are-dead.html]
[importanceofislambdforall.blogspot.com/2021/08/blog-post_23.html]
[importanceofislambdforall.blogspot.com/searchfd2f.html]
[importanceofislambdforall.blogspot.com/search/label/পর্দার গুরুত্বa9b9.html]
[importanceofislambdforall.blogspot.com/search/label/About Birthdayc2b3.html]
[importanceofislambdforall.blogspot.com/searchfb57.html]
[importanceofislambdforall.blogspot.com/feeds/9129106852573308918/comments/default]
[importanceofislambdforall.blogspot.com/2021/08/the-hour-of-response-on-friday.html]
[importanceofislambdforall.blogspot.com/search/label/About Fridaye585.html]
[importanceofislambdforall.blogspot.com/feeds/2266997762098907073/comments/default]
[importanceofislambdforall.blogspot.com/2021/08/allaah-said-in-surat-ibrahim-verse-10.html]
[importanceofislambdforall.blogspot.com/feeds/2350484621157669558/comments/default]
[importanceofislambdforall.blogspot.com/2021/08/blog-post_8.html]
[importanceofislambdforall.blogspot.com/feeds/2594729970627328310/comments/default]
[importanceofislambdforall.blogspot.com/2021/08/erectile-dysfunction.html]
[importanceofislambdforall.blogspot.com/feeds/4056246710194413920/comments/default]
[importanceofislambdforall.blogspot.com/2021/08/blog-post_74.html]
[importanceofislambdforall.blogspot.com/feeds/2631338508433835761/comments/default]
[importanceofislambdforall.blogspot.com/2021/08/blog-post_21.html]
[importanceofislambdforall.blogspot.com/feeds/4566121749381564744/comments/default]
[importanceofislambdforall.blogspot.com/2021/08/blog-post.html]
[importanceofislambdforall.blogspot.com/search/label/Anti-pornographyaa7d.html]
[importanceofislambdforall.blogspot.com/search/label/Dua6c36.html]
[importanceofislambdforall.blogspot.com/feeds/1573371232585526720/comments/default]
[importanceofislambdforall.blogspot.com/2021/08/blog-post_67.html]
[importanceofislambdforall.blogspot.com/search/label/Importance of Salatdba7.html]
[importanceofislambdforall.blogspot.com/feeds/5368505062088820401/comments/default]
[importanceofislambdforall.blogspot.com/2021/08/what-bible-say-about-women.html]
[importanceofislambdforall.blogspot.com/search/label/What Bible say165d.html]
[importanceofislambdforall.blogspot.com/2021/08/https.html]
[importanceofislambdforall.blogspot.com/2021/08/demo-to-prevent-copy-paste-on-blogger_files/googleapis.html]
[connect.facebook.net/en_GB/sdk.js]
[draft.blogger.com/dyn-css/authorization9f7d.css]
[importanceofislambdforall.blogspot.com/search2463.html]
[importanceofislambdforall.blogspot.com/search9893.html]
[importanceofislambdforall.blogspot.com/search7d8c.html]
[importanceofislambdforall.blogspot.com/2021/09/demo-to-prevent-copy-paste-on-blogger_files/googleapis.html]
[importanceofislambdforall.blogspot.com/search4b0a.html]
[importanceofislambdforall.blogspot.com/search5b0f.html]
[importanceofislambdforall.blogspot.com/search5b05.html]
[importanceofislambdforall.blogspot.com/feeds/3146100638019969913/comments/default]
[lh3.googleusercontent.com/-rMm01IEY4to/YSY97kJ-jlI/AAAAAAAADos/NXLy2frpd6IjDerq8utCf1Ee0J2pt7gxwCLcBGAsYHQ/w640-h593/image.png]
[lh3.googleusercontent.com/-rMm01IEY4to/YSY97kJ-jlI/AAAAAAAADos/NXLy2frpd6IjDerq8utCf1Ee0J2pt7gxwCLcBGAsYHQ/image.png]
[importanceofislambdforall.blogspot.com/2021/08/haram-dress-for-male.html]
[importanceofislambdforall.blogspot.com/feeds/6853399050187324686/comments/default]
[lh3.googleusercontent.com/-LJsHtMLQn2E/YSY9cy6G0TI/AAAAAAAADog/YqZuWAoI4hwbcjiHP2cCEdKXqhQ0SPcfgCLcBGAsYHQ/w459-h640/image.png]
[lh3.googleusercontent.com/-LJsHtMLQn2E/YSY9cy6G0TI/AAAAAAAADog/YqZuWAoI4hwbcjiHP2cCEdKXqhQ0SPcfgCLcBGAsYHQ/image.png]
[importanceofislambdforall.blogspot.com/2021/08/who-are-they.html]
[importanceofislambdforall.blogspot.com/feeds/747015312000112859/comments/default]
[lh3.googleusercontent.com/-jEmWhW2W2Cc/YSY9FGxB_YI/AAAAAAAADoY/dXSS-uglIJMZXCpem6Et9th-HEe2JnjkwCLcBGAsYHQ/image.png]
[importanceofislambdforall.blogspot.com/2021/08/islamic-quiz.html]
[importanceofislambdforall.blogspot.com/feeds/7338961947312313488/comments/default]
[1.bp.blogspot.com/-5toeeoZ0Ly0/YSW3cR__BzI/AAAAAAAADoI/Im9s72OcyhoqArrtO34qdysbjxYk72yYQCPcBGAYYCw/w320-h318/FB_IMG_1629861622135.jpg]
[1.bp.blogspot.com/-5toeeoZ0Ly0/YSW3cR__BzI/AAAAAAAADoI/Im9s72OcyhoqArrtO34qdysbjxYk72yYQCPcBGAYYCw/s541/FB_IMG_1629861622135.jpg]
[1.bp.blogspot.com/-bfDH_KX2YCA/YSW3erLnNqI/AAAAAAAADoE/9jQspllLJSQL6uRetfmh4HX2ElFvNf6FACLcBGAsYHQ/s551/FB_IMG_1629861626378.jpg]
[1.bp.blogspot.com/-bfDH_KX2YCA/YSW3erLnNqI/AAAAAAAADoE/9jQspllLJSQL6uRetfmh4HX2ElFvNf6FACLcBGAsYHQ/w320-h314/FB_IMG_1629861626378.jpg]
[importanceofislambdforall.blogspot.com/2021/08/blog-post_45.html]
[importanceofislambdforall.blogspot.com/feeds/2428208855139906283/comments/default]
[importanceofislambdforall.blogspot.com/2021/08/blog-post_24.html]
[importanceofislambdforall.blogspot.com/feeds/8709757538752285492/comments/default]
[importanceofislambdforall.blogspot.com/2021/08/how-do-dead-realize-they-are-dead.html]
[importanceofislambdforall.blogspot.com/feeds/6406139173614435057/comments/default]
[importanceofislambdforall.blogspot.com/2021/08/blog-post_23.html]
[importanceofislambdforall.blogspot.com/2021/08/blog-post_25.html]
[importanceofislambdforall.blogspot.com/2021/08/which-is-right-way-to-worship-god.html]
[importanceofislambdforall.blogspot.com/searchfb57.html]
[importanceofislambdforall.blogspot.com/2021/08/why-do-you-have-you-wife-covered.html]
[importanceofislambdforall.blogspot.com/search9893.html]
[importanceofislambdforall.blogspot.com/search2a6e.html]
[importanceofislambdforall.blogspot.com/search4b0a.html]
[importanceofislambdforall.blogspot.com/search213c.html]
[importanceofislambdforall.blogspot.com/search5b05.html]
[importanceofislambdforall.blogspot.com/search9fd4.html]
[importanceofislambdforall.blogspot.com/feeds/3799192670560962027/comments/default]
[1.bp.blogspot.com/-ZWddok9FwfI/YSMW_HXvkVI/AAAAAAAADnA/z0h4tqmzQCUsDnZhVgtJfFcU3P6eBT2wgCLcBGAsYHQ/w400-h400/FB_IMG_1629689215151.jpg]
[1.bp.blogspot.com/-ZWddok9FwfI/YSMW_HXvkVI/AAAAAAAADnA/z0h4tqmzQCUsDnZhVgtJfFcU3P6eBT2wgCLcBGAsYHQ/s540/FB_IMG_1629689215151.jpg]
[1.bp.blogspot.com/-Bu46nCQ4rW8/YSMW6bQKNWI/AAAAAAAADm8/1YY4GAw9nfoCV_aZfG-Jnjfc_MHC4E1VQCLcBGAsYHQ/s540/FB_IMG_1629689210847.jpg]
[1.bp.blogspot.com/-Bu46nCQ4rW8/YSMW6bQKNWI/AAAAAAAADm8/1YY4GAw9nfoCV_aZfG-Jnjfc_MHC4E1VQCLcBGAsYHQ/w400-h400/FB_IMG_1629689210847.jpg]
[1.bp.blogspot.com/-Meqr_MPBFQY/YSMW1xWOKEI/AAAAAAAADm4/OJ_eD0iTW7crKY7ToOSWA7cISpdHLb1CACLcBGAsYHQ/s540/FB_IMG_1629689207279.jpg]
[1.bp.blogspot.com/-Meqr_MPBFQY/YSMW1xWOKEI/AAAAAAAADm4/OJ_eD0iTW7crKY7ToOSWA7cISpdHLb1CACLcBGAsYHQ/w400-h400/FB_IMG_1629689207279.jpg]
[1.bp.blogspot.com/-xGvZdZuE9WQ/YSMWx1rqxKI/AAAAAAAADm0/2FLCCUfFHzco2io0UHciyn79O2s-Av3xQCLcBGAsYHQ/s540/FB_IMG_1629689203832.jpg]
[1.bp.blogspot.com/-xGvZdZuE9WQ/YSMWx1rqxKI/AAAAAAAADm0/2FLCCUfFHzco2io0UHciyn79O2s-Av3xQCLcBGAsYHQ/w400-h400/FB_IMG_1629689203832.jpg]
[1.bp.blogspot.com/-XF9iiluXvvs/YSMWtKno9JI/AAAAAAAADms/4x_WhXRC510c3qK_vfi-k9GFcLDXX4kPgCLcBGAsYHQ/s540/FB_IMG_1629689200296.jpg]
[1.bp.blogspot.com/-XF9iiluXvvs/YSMWtKno9JI/AAAAAAAADms/4x_WhXRC510c3qK_vfi-k9GFcLDXX4kPgCLcBGAsYHQ/w400-h400/FB_IMG_1629689200296.jpg]
[1.bp.blogspot.com/-snQzS4pu79I/YSMWpB1lMGI/AAAAAAAADmk/_tuMI0OR-jwi_u8gSDxiGFqg19EWkcAwwCLcBGAsYHQ/s540/FB_IMG_1629689196110.jpg]
[1.bp.blogspot.com/-snQzS4pu79I/YSMWpB1lMGI/AAAAAAAADmk/_tuMI0OR-jwi_u8gSDxiGFqg19EWkcAwwCLcBGAsYHQ/w400-h400/FB_IMG_1629689196110.jpg]
[1.bp.blogspot.com/-HKgoquQ8tVU/YSMWlbFzJOI/AAAAAAAADmg/xKR-8-chPuseSfv8UEIQD4DF4oWtTKG7gCLcBGAsYHQ/s540/FB_IMG_1629689191085.jpg]
[1.bp.blogspot.com/-HKgoquQ8tVU/YSMWlbFzJOI/AAAAAAAADmg/xKR-8-chPuseSfv8UEIQD4DF4oWtTKG7gCLcBGAsYHQ/w400-h400/FB_IMG_1629689191085.jpg]
[1.bp.blogspot.com/-1upLwQSRpkU/YSMWgvv2e2I/AAAAAAAADmc/zLcEGxuX6Q8XS9J1XNvTdiB4itlbp4h9gCLcBGAsYHQ/s540/FB_IMG_1629689186764.jpg]
[1.bp.blogspot.com/-1upLwQSRpkU/YSMWgvv2e2I/AAAAAAAADmc/zLcEGxuX6Q8XS9J1XNvTdiB4itlbp4h9gCLcBGAsYHQ/w400-h400/FB_IMG_1629689186764.jpg]
[1.bp.blogspot.com/-qUK4F5oSjjs/YSMWdJsDxFI/AAAAAAAADmY/_tCbPS-9IvQelBO2hB4XAzsCd_A_28UvwCLcBGAsYHQ/s540/FB_IMG_1629689183263.jpg]
[1.bp.blogspot.com/-qUK4F5oSjjs/YSMWdJsDxFI/AAAAAAAADmY/_tCbPS-9IvQelBO2hB4XAzsCd_A_28UvwCLcBGAsYHQ/w400-h400/FB_IMG_1629689183263.jpg]
[1.bp.blogspot.com/-Tk_KbpW2AY4/YSMWYcZRq2I/AAAAAAAADmU/HSwXoos7OEYwjCcB0BKdLY7a0-miQX2SwCLcBGAsYHQ/s540/FB_IMG_1629689180207.jpg]
[1.bp.blogspot.com/-Tk_KbpW2AY4/YSMWYcZRq2I/AAAAAAAADmU/HSwXoos7OEYwjCcB0BKdLY7a0-miQX2SwCLcBGAsYHQ/w400-h400/FB_IMG_1629689180207.jpg]
[importanceofislambdforall.blogspot.com/2021/08/blog-post_25.html]
[importanceofislambdforall.blogspot.com/feeds/8861592310541634715/comments/default]
[1.bp.blogspot.com/-MpATYDMGMrQ/YSE5etGBz_I/AAAAAAAADlc/nLFFEoXnBzEgqMLhu2Di4vRgYkKFrK9EACLcBGAsYHQ/w258-h400/FB_IMG_1629567296731.jpg]
[1.bp.blogspot.com/-MpATYDMGMrQ/YSE5etGBz_I/AAAAAAAADlc/nLFFEoXnBzEgqMLhu2Di4vRgYkKFrK9EACLcBGAsYHQ/s403/FB_IMG_1629567296731.jpg]
[importanceofislambdforall.blogspot.com/2021/08/which-is-right-way-to-worship-god.html]
[importanceofislambdforall.blogspot.com/feeds/4000057273034979670/comments/default]
[importanceofislambdforall.blogspot.com/2021/08/why-do-you-have-you-wife-covered.html]
[importanceofislambdforall.blogspot.com/search2a6e.html]
[importanceofislambdforall.blogspot.com/search213c.html]
[importanceofislambdforall.blogspot.com/search9fd4.html]
[importanceofislambdforall.blogspot.com/search535f.html]
[importanceofislambdforall.blogspot.com/search535f.html]
